../../Drivers/CMSIS/Include/core_cm4.h:1933:34:__NVIC_SystemReset	0	static,ignoring_inline_asm
C:/ST/Full_Node/LoRaWAN_End_Node/LoRaWAN/App/lora_app.c:801:13:OnSysTimeUpdate	0	static
C:/ST/Full_Node/LoRaWAN_End_Node/LoRaWAN/App/lora_app.c:849:13:OnTxFrameCtrlChanged	0	static
C:/ST/Full_Node/LoRaWAN_End_Node/LoRaWAN/App/lora_app.c:860:13:OnPingSlotPeriodicityChanged	0	static
C:/ST/Full_Node/LoRaWAN_End_Node/LoRaWAN/App/lora_app.c:766:13:OnBeaconStatusChange	72	static
C:/ST/Full_Node/LoRaWAN_End_Node/LoRaWAN/App/lora_app.c:808:13:OnClassChange	16	static
C:/ST/Full_Node/LoRaWAN_End_Node/LoRaWAN/App/lora_app.c:960:13:OnNvmDataChange	8	static
C:/ST/Full_Node/LoRaWAN_End_Node/LoRaWAN/App/lora_app.c:675:13:OnTxTimerEvent	8	static
C:/ST/Full_Node/LoRaWAN_End_Node/LoRaWAN/App/lora_app.c:815:13:OnMacProcessNotify	8	static
C:/ST/Full_Node/LoRaWAN_End_Node/LoRaWAN/App/lora_app.c:871:13:OnSystemReset	8	static
C:/ST/Full_Node/LoRaWAN_End_Node/LoRaWAN/App/lora_app.c:827:13:OnTxPeriodicityChanged	8	static
C:/ST/Full_Node/LoRaWAN_End_Node/LoRaWAN/App/lora_app.c:707:13:OnTxData	24	static
C:/ST/Full_Node/LoRaWAN_End_Node/LoRaWAN/App/lora_app.c:736:13:OnJoinRequest	16	static
C:/ST/Full_Node/LoRaWAN_End_Node/LoRaWAN/App/lora_app.c:922:13:OnStopJoinTimerEvent	8	static
C:/ST/Full_Node/LoRaWAN_End_Node/LoRaWAN/App/lora_app.c:695:13:OnRxTimerLedEvent	8	static
C:/ST/Full_Node/LoRaWAN_End_Node/LoRaWAN/App/lora_app.c:690:13:OnTxTimerLedEvent	8	static
C:/ST/Full_Node/LoRaWAN_End_Node/LoRaWAN/App/lora_app.c:472:13:OnRxData	40	static
C:/ST/Full_Node/LoRaWAN_End_Node/LoRaWAN/App/lora_app.c:978:13:OnStoreContextRequest	16	static
C:/ST/Full_Node/LoRaWAN_End_Node/LoRaWAN/App/lora_app.c:993:13:OnRestoreContextRequest	8	static
C:/ST/Full_Node/LoRaWAN_End_Node/LoRaWAN/App/lora_app.c:885:13:StopJoin	16	static
C:/ST/Full_Node/LoRaWAN_End_Node/LoRaWAN/App/lora_app.c:938:13:StoreContext	8	static
C:/ST/Full_Node/LoRaWAN_End_Node/LoRaWAN/App/lora_app.c:552:13:SendTxData	72	static
C:/ST/Full_Node/LoRaWAN_End_Node/LoRaWAN/App/lora_app.c:700:13:OnJoinTimerLedEvent	8	static
C:/ST/Full_Node/LoRaWAN_End_Node/LoRaWAN/App/lora_app.c:348:6:LoRaWAN_Init	48	static
C:/ST/Full_Node/LoRaWAN_End_Node/LoRaWAN/App/lora_app.c:443:6:HAL_GPIO_EXTI_Callback	8	static
