C:/Users/danpi/STM32Cube/Repository/STM32Cube_FW_WL_V1.3.1/Drivers/CMSIS/Include/core_cm4.h:1933:34:__NVIC_SystemReset	0	static,ignoring_inline_asm
C:/Users/danpi/STM32CubeIDE/workspace_1.17.0/LoRaWAN_End_Node/LoRaWAN/App/lora_app.c:817:13:OnSysTimeUpdate	0	static
C:/Users/danpi/STM32CubeIDE/workspace_1.17.0/LoRaWAN_End_Node/LoRaWAN/App/lora_app.c:865:13:OnTxFrameCtrlChanged	0	static
C:/Users/danpi/STM32CubeIDE/workspace_1.17.0/LoRaWAN_End_Node/LoRaWAN/App/lora_app.c:876:13:OnPingSlotPeriodicityChanged	0	static
C:/Users/danpi/STM32CubeIDE/workspace_1.17.0/LoRaWAN_End_Node/LoRaWAN/App/lora_app.c:782:13:OnBeaconStatusChange	72	static
C:/Users/danpi/STM32CubeIDE/workspace_1.17.0/LoRaWAN_End_Node/LoRaWAN/App/lora_app.c:824:13:OnClassChange	16	static
C:/Users/danpi/STM32CubeIDE/workspace_1.17.0/LoRaWAN_End_Node/LoRaWAN/App/lora_app.c:976:13:OnNvmDataChange	8	static
C:/Users/danpi/STM32CubeIDE/workspace_1.17.0/LoRaWAN_End_Node/LoRaWAN/App/lora_app.c:686:13:OnTxTimerEvent	8	static
C:/Users/danpi/STM32CubeIDE/workspace_1.17.0/LoRaWAN_End_Node/LoRaWAN/App/lora_app.c:831:13:OnMacProcessNotify	8	static
C:/Users/danpi/STM32CubeIDE/workspace_1.17.0/LoRaWAN_End_Node/LoRaWAN/App/lora_app.c:887:13:OnSystemReset	8	static
C:/Users/danpi/STM32CubeIDE/workspace_1.17.0/LoRaWAN_End_Node/LoRaWAN/App/lora_app.c:843:13:OnTxPeriodicityChanged	8	static
C:/Users/danpi/STM32CubeIDE/workspace_1.17.0/LoRaWAN_End_Node/LoRaWAN/App/lora_app.c:718:13:OnTxData	24	static
C:/Users/danpi/STM32CubeIDE/workspace_1.17.0/LoRaWAN_End_Node/LoRaWAN/App/lora_app.c:747:13:OnJoinRequest	16	static
C:/Users/danpi/STM32CubeIDE/workspace_1.17.0/LoRaWAN_End_Node/LoRaWAN/App/lora_app.c:938:13:OnStopJoinTimerEvent	8	static
C:/Users/danpi/STM32CubeIDE/workspace_1.17.0/LoRaWAN_End_Node/LoRaWAN/App/lora_app.c:706:13:OnRxTimerLedEvent	8	static
C:/Users/danpi/STM32CubeIDE/workspace_1.17.0/LoRaWAN_End_Node/LoRaWAN/App/lora_app.c:701:13:OnTxTimerLedEvent	8	static
C:/Users/danpi/STM32CubeIDE/workspace_1.17.0/LoRaWAN_End_Node/LoRaWAN/App/lora_app.c:471:13:OnRxData	40	static
C:/Users/danpi/STM32CubeIDE/workspace_1.17.0/LoRaWAN_End_Node/LoRaWAN/App/lora_app.c:994:13:OnStoreContextRequest	16	static
C:/Users/danpi/STM32CubeIDE/workspace_1.17.0/LoRaWAN_End_Node/LoRaWAN/App/lora_app.c:1009:13:OnRestoreContextRequest	8	static
C:/Users/danpi/STM32CubeIDE/workspace_1.17.0/LoRaWAN_End_Node/LoRaWAN/App/lora_app.c:901:13:StopJoin	16	static
C:/Users/danpi/STM32CubeIDE/workspace_1.17.0/LoRaWAN_End_Node/LoRaWAN/App/lora_app.c:954:13:StoreContext	8	static
C:/Users/danpi/STM32CubeIDE/workspace_1.17.0/LoRaWAN_End_Node/LoRaWAN/App/lora_app.c:551:13:SendTxData	72	static
C:/Users/danpi/STM32CubeIDE/workspace_1.17.0/LoRaWAN_End_Node/LoRaWAN/App/lora_app.c:711:13:OnJoinTimerLedEvent	8	static
C:/Users/danpi/STM32CubeIDE/workspace_1.17.0/LoRaWAN_End_Node/LoRaWAN/App/lora_app.c:347:6:LoRaWAN_Init	48	static
C:/Users/danpi/STM32CubeIDE/workspace_1.17.0/LoRaWAN_End_Node/LoRaWAN/App/lora_app.c:442:6:HAL_GPIO_EXTI_Callback	8	static
