C:/Users/danpi/STM32CubeIDE/workspace_1.17.0/LoRaWAN_End_Node/Core/Src/sys_app.c:306:13:tiny_snprintf_like	16	static
C:/Users/danpi/STM32CubeIDE/workspace_1.17.0/LoRaWAN_End_Node/Core/Src/sys_app.c:270:13:TimestampNow	32	static
C:/Users/danpi/STM32CubeIDE/workspace_1.17.0/LoRaWAN_End_Node/Core/Src/sys_app.c:90:6:SystemApp_Init	8	static
C:/Users/danpi/STM32CubeIDE/workspace_1.17.0/LoRaWAN_End_Node/Core/Src/sys_app.c:141:6:UTIL_SEQ_Idle	8	static
C:/Users/danpi/STM32CubeIDE/workspace_1.17.0/LoRaWAN_End_Node/Core/Src/sys_app.c:152:9:GetBatteryLevel	8	static
C:/Users/danpi/STM32CubeIDE/workspace_1.17.0/LoRaWAN_End_Node/Core/Src/sys_app.c:184:9:GetTemperatureLevel	48	static
C:/Users/danpi/STM32CubeIDE/workspace_1.17.0/LoRaWAN_End_Node/Core/Src/sys_app.c:198:6:GetUniqueId	16	static
C:/Users/danpi/STM32CubeIDE/workspace_1.17.0/LoRaWAN_End_Node/Core/Src/sys_app.c:238:6:GetDevAddr	16	static
C:/Users/danpi/STM32CubeIDE/workspace_1.17.0/LoRaWAN_End_Node/Core/Src/sys_app.c:256:9:GetH2OLevel	48	static
C:/Users/danpi/STM32CubeIDE/workspace_1.17.0/LoRaWAN_End_Node/Core/Src/sys_app.c:284:6:UTIL_ADV_TRACE_PreSendHook	8	static
C:/Users/danpi/STM32CubeIDE/workspace_1.17.0/LoRaWAN_End_Node/Core/Src/sys_app.c:295:6:UTIL_ADV_TRACE_PostSendHook	8	static
C:/Users/danpi/STM32CubeIDE/workspace_1.17.0/LoRaWAN_End_Node/Core/Src/sys_app.c:329:19:HAL_InitTick	0	static
C:/Users/danpi/STM32CubeIDE/workspace_1.17.0/LoRaWAN_End_Node/Core/Src/sys_app.c:344:10:HAL_GetTick	8	static
C:/Users/danpi/STM32CubeIDE/workspace_1.17.0/LoRaWAN_End_Node/Core/Src/sys_app.c:376:6:HAL_Delay	16	static
