C:/Users/danpi/STM32CubeIDE/workspace_1.17.0/LoRaWAN_End_Node/Core/Src/usart_if.c:102:25:vcom_Init	8	static
C:/Users/danpi/STM32CubeIDE/workspace_1.17.0/LoRaWAN_End_Node/Core/Src/usart_if.c:117:25:vcom_DeInit	8	static
C:/Users/danpi/STM32CubeIDE/workspace_1.17.0/LoRaWAN_End_Node/Core/Src/usart_if.c:151:25:vcom_Trace_DMA	8	static
C:/Users/danpi/STM32CubeIDE/workspace_1.17.0/LoRaWAN_End_Node/Core/Src/usart_if.c:163:25:vcom_ReceiveInit	16	static
C:/Users/danpi/STM32CubeIDE/workspace_1.17.0/LoRaWAN_End_Node/Core/Src/usart_if.c:140:6:vcom_Trace	8	static
C:/Users/danpi/STM32CubeIDE/workspace_1.17.0/LoRaWAN_End_Node/Core/Src/usart_if.c:199:6:vcom_Resume	8	static
C:/Users/danpi/STM32CubeIDE/workspace_1.17.0/LoRaWAN_End_Node/Core/Src/usart_if.c:214:6:HAL_UART_TxCpltCallback	8	static
C:/Users/danpi/STM32CubeIDE/workspace_1.17.0/LoRaWAN_End_Node/Core/Src/usart_if.c:229:6:HAL_UART_RxCpltCallback	8	static
C:/Users/danpi/STM32CubeIDE/workspace_1.17.0/LoRaWAN_End_Node/Core/Src/usart_if.c:258:6:SYS_SensorPower	8	static
C:/Users/danpi/STM32CubeIDE/workspace_1.17.0/LoRaWAN_End_Node/Core/Src/usart_if.c:267:6:charArrayToUint8	0	static
C:/Users/danpi/STM32CubeIDE/workspace_1.17.0/LoRaWAN_End_Node/Core/Src/usart_if.c:285:10:SYS_GetN	32	static
C:/Users/danpi/STM32CubeIDE/workspace_1.17.0/LoRaWAN_End_Node/Core/Src/usart_if.c:300:10:SYS_GetP	32	static
C:/Users/danpi/STM32CubeIDE/workspace_1.17.0/LoRaWAN_End_Node/Core/Src/usart_if.c:316:6:SYS_GetNPK	48	static
C:/Users/danpi/STM32CubeIDE/workspace_1.17.0/LoRaWAN_End_Node/Core/Src/usart_if.c:352:10:SYS_GetK	32	static
